// Jest Snapshot v1, https://goo.gl/fbAQLP

exports[`PokemonPage Component debe de hacer match con el snapshot 1`] = `
"<h1>Quién es este pokékom?</h1>
<pokemon-picture-stub pokemonid=\\"5\\" showpokemon=\\"false\\"></pokemon-picture-stub>
<pokemon-options-stub pokemons=\\"[object Object],[object Object],[object Object],[object Object]\\" blocked=\\"false\\"></pokemon-options-stub>
<!--v-if-->"
`;

exports[`PokemonPage Component debe de hacer match con el snapshot cuando cargan los pokemons 1`] = `
"<h1>Quién es este pokékom?</h1>
<pokemon-picture-stub pokemonid=\\"5\\" showpokemon=\\"false\\"></pokemon-picture-stub>
<pokemon-options-stub pokemons=\\"[object Object],[object Object],[object Object],[object Object]\\" blocked=\\"false\\"></pokemon-options-stub>
<!--v-if-->"
`;
