// Jest Snapshot v1, https://goo.gl/fbAQLP

exports[`PokemonOptions should display header text 1`] = `
"<div class=\\"options-container\\">
  <ul></ul>
</div>"
`;
